True
True
True
False
True
False
True
True
False
True
